
Map of Debug\discover.sm8 from link file Debug\discover.lkf - Tue Mar 14 23:22:10 2017


                               --------
                               Segments
                               --------

start 00008080 end 000081cc length   332 segment .const
start 000081e4 end 00009e2c length  7240 segment .text
start 00004000 end 00004000 length     0 segment .eeprom
start 00000000 end 00000010 length    16 segment .bsct, initialized
start 000081d4 end 000081e4 length    16 segment .bsct, from
start 00000010 end 0000001a length    10 segment .ubsct
start 0000001a end 0000001a length     0 segment .bit
start 0000001a end 0000001a length     0 segment .share
start 00000100 end 00000100 length     0 segment .data
start 00000100 end 00000100 length     0 segment .bss
start 00000000 end 000006f5 length  1781 segment .info.
start 00000000 end 00005576 length 21878 segment .debug
start 00008000 end 00008080 length   128 segment .const
start 000081cc end 000081d4 length     8 segment .init


                               -------
                               Modules
                               -------

C:\Program Files (x86)\COSMIC\CXSTM8_EVAL\lib\crtsi0.sm8:
start 000081e4 end 0000822f length    75 section .text
start 00000100 end 00000100 length     0 section .bss
start 00000010 end 00000010 length     0 section .ubsct
start 00000000 end 00000030 length    48 section .info.

Debug\stm8s_clk.o:
start 0000822f end 00008911 length  1762 section .text
start 00000000 end 0000166f length  5743 section .debug
start 00000030 end 000000ae length   126 section .info.
start 00008080 end 000080c9 length    73 section .const

Debug\stm8s_it.o:
start 00008911 end 00008ae5 length   468 section .text
start 00000000 end 00000004 length     4 section .bsct
start 0000166f end 00001dbb length  1868 section .debug
start 000000ae end 0000012b length   125 section .info.

Debug\main.o:
start 00008ae5 end 00008f00 length  1051 section .text
start 00000004 end 00000010 length    12 section .bsct
start ******** end ******** length     0 section .ubsct *** removed ***
start 00001dbb end 0000245f length  1700 section .debug
start 0000012b end 000001a4 length   121 section .info.

Debug\stm8s_i2c.o:
start 00008f00 end 00009613 length  1811 section .text
start 0000245f end 00003a00 length  5537 section .debug
start 000001a4 end 00000222 length   126 section .info.
start 000080c9 end 00008112 length    73 section .const

Debug\stm8s_tim4.o:
start 00009613 end 000098da length   711 section .text
start 00003a00 end 000045b7 length  2999 section .debug
start 00000222 end 000002a1 length   127 section .info.
start 00008112 end 00008150 length    62 section .const

Debug\stm8s_gpio.o:
start 000098da end 00009a36 length   348 section .text
start 000045b7 end 00004fc1 length  2570 section .debug
start 000002a1 end 00000320 length   127 section .info.
start 00008150 end 0000818e length    62 section .const

Debug\stm8s_exti.o:
start 00009a36 end 00009bb9 length   387 section .text
start 00004fc1 end 00005450 length  1167 section .debug
start 00000320 end 0000039f length   127 section .info.
start 0000818e end 000081cc length    62 section .const

(C:\Program Files (x86)\COSMIC\CXSTM8_EVAL\lib\libm0.sm8)lcmp.o:
start 00009bb9 end 00009bd9 length    32 section .text
start 0000039f end 000003ce length    47 section .info.

(C:\Program Files (x86)\COSMIC\CXSTM8_EVAL\lib\libm0.sm8)lmul.o:
start 00009bd9 end 00009c64 length   139 section .text
start 000003ce end 000003fd length    47 section .info.

(C:\Program Files (x86)\COSMIC\CXSTM8_EVAL\lib\libm0.sm8)lreg.o:
start 00000010 end 00000014 length     4 section .ubsct
start 000003fd end 0000042c length    47 section .info.

(C:\Program Files (x86)\COSMIC\CXSTM8_EVAL\lib\libm0.sm8)ltor.o:
start 00009c64 end 00009c76 length    18 section .text
start 0000042c end 0000045b length    47 section .info.

(C:\Program Files (x86)\COSMIC\CXSTM8_EVAL\lib\libm0.sm8)ludiv.o:
start 00009c76 end 00009c8a length    20 section .text
start 0000045b end 0000048b length    48 section .info.

(C:\Program Files (x86)\COSMIC\CXSTM8_EVAL\lib\libm0.sm8)ldiv.o:
start 00009c8a end 00009d75 length   235 section .text
start 0000048b end 000004ba length    47 section .info.

(C:\Program Files (x86)\COSMIC\CXSTM8_EVAL\lib\libm0.sm8)lgneg.o:
start 00009d75 end 00009d88 length    19 section .text
start 000004ba end 000004ea length    48 section .info.

(C:\Program Files (x86)\COSMIC\CXSTM8_EVAL\lib\libm0.sm8)lneg.o:
start 00009d88 end 00009d9d length    21 section .text
start 000004ea end 00000519 length    47 section .info.

(C:\Program Files (x86)\COSMIC\CXSTM8_EVAL\lib\libm0.sm8)lzmp.o:
start 00009d9d end 00009db0 length    19 section .text
start 00000519 end 00000548 length    47 section .info.

(C:\Program Files (x86)\COSMIC\CXSTM8_EVAL\lib\libm0.sm8)rtol.o:
start 00009db0 end 00009dc2 length    18 section .text
start 00000548 end 00000577 length    47 section .info.

(C:\Program Files (x86)\COSMIC\CXSTM8_EVAL\lib\libm0.sm8)sdivx.o:
start 00009dc2 end 00009ded length    43 section .text
start 00000577 end 000005a7 length    48 section .info.

(C:\Program Files (x86)\COSMIC\CXSTM8_EVAL\lib\libm0.sm8)smul.o:
start 00009ded end 00009e2c length    63 section .text
start 000005a7 end 000005d6 length    47 section .info.

(C:\Program Files (x86)\COSMIC\CXSTM8_EVAL\lib\libm0.sm8)xreg.o:
start 00000014 end 00000017 length     3 section .ubsct
start 000005d6 end 00000605 length    47 section .info.

(C:\Program Files (x86)\COSMIC\CXSTM8_EVAL\lib\libm0.sm8)yreg.o:
start 00000017 end 0000001a length     3 section .ubsct
start 00000605 end 00000634 length    47 section .info.

Debug\stm8_interrupt_vector.o:
start 00005450 end 00005576 length   294 section .debug
start 00000634 end 000006be length   138 section .info.
start 00008000 end 00008080 length   128 section .const


                             -----------
                             Stack usage
                             -----------

Debug\main.o:
_I2C_Configuration                     37   (2)
_I2C_SendPacket                        19   (3)
_LED_SetColor                      >   17   (5)
_LED_SetColor_Int                      12   (12)
_TIMER_Configuration                   12   (2)
_assert_failed                          6   (6)
_main                              >   45   (8)

Debug\stm8s_clk.o:
_CLK_AdjustHSICalibrationValue     >    9   (3)
_CLK_CCOCmd                        >    9   (3)
_CLK_CCOConfig                     >    9   (3)
_CLK_ClearITPendingBit             >    9   (3)
_CLK_ClockSecuritySystemEnable     >    2   (2)
_CLK_ClockSwitchCmd                >    9   (3)
_CLK_ClockSwitchConfig             >   16   (10)
_CLK_DeInit                             2   (2)
_CLK_FastHaltWakeUpCmd             >    9   (3)
_CLK_GetClockFreq                  >   25   (11)
_CLK_GetFlagStatus                 >   13   (7)
_CLK_GetITStatus                   >   10   (4)
_CLK_GetSYSCLKSource               >    2   (2)
_CLK_HSECmd                        >    9   (3)
_CLK_HSICmd                             9   (3)
_CLK_HSIPrescalerConfig                 9   (3)
_CLK_ITConfig                      >   10   (4)
_CLK_LSICmd                        >    9   (3)
_CLK_PeripheralClockConfig         >   10   (4)
_CLK_SWIMConfig                    >    9   (3)
_CLK_SYSCLKConfig                       9   (3)
_CLK_SYSCLKEmergencyClear          >    2   (2)
_CLK_SlowActiveHaltWakeUpCmd       >    9   (3)

Debug\stm8s_exti.o:
_EXTI_DeInit                       >    2   (2)
_EXTI_GetExtIntSensitivity         >   10   (4)
_EXTI_GetTLISensitivity            >    3   (3)
_EXTI_SetExtIntSensitivity             10   (4)
_EXTI_SetTLISensitivity            >    9   (3)

Debug\stm8s_gpio.o:
_GPIO_DeInit                       >    2   (2)
_GPIO_ExternalPullUpConfig         >   12   (6)
_GPIO_Init                             12   (6)
_GPIO_ReadInputData                >    2   (2)
_GPIO_ReadInputPin                 >    5   (5)
_GPIO_ReadOutputData               >    2   (2)
_GPIO_Write                        >    5   (5)
_GPIO_WriteHigh                         5   (5)
_GPIO_WriteLow                          5   (5)
_GPIO_WriteReverse                 >    5   (5)

Debug\stm8s_i2c.o:
_I2C_AcknowledgeConfig                  9   (3)
_I2C_CheckEvent                        16   (10)
_I2C_ClearFlag                     >   12   (6)
_I2C_ClearITPendingBit             >   12   (6)
_I2C_Cmd                           >    9   (3)
_I2C_DeInit                             2   (2)
_I2C_FastModeDutyCycleConfig       >    9   (3)
_I2C_GeneralCallCmd                     9   (3)
_I2C_GenerateSTART                      9   (3)
_I2C_GenerateSTOP                       9   (3)
_I2C_GetFlagStatus                     12   (6)
_I2C_GetITStatus                       14   (8)
_I2C_GetLastEvent                  >    8   (8)
_I2C_ITConfig                          10   (4)
_I2C_Init                              35   (21)
_I2C_ReceiveData                        2   (2)
_I2C_Send7bitAddress                   10   (4)
_I2C_SendData                           2   (2)
_I2C_SoftwareResetCmd              >    9   (3)
_I2C_StretchClockCmd               >    9   (3)

Debug\stm8s_it.o:
f_ADC1_IRQHandler                  >    6   (6)
f_AWU_IRQHandler                   >    6   (6)
f_CLK_IRQHandler                   >    6   (6)
f_EEPROM_EEC_IRQHandler            >    6   (6)
f_EXTI_PORTA_IRQHandler            >    6   (6)
f_EXTI_PORTB_IRQHandler            >    6   (6)
f_EXTI_PORTC_IRQHandler            >   34   (15)
f_EXTI_PORTD_IRQHandler            >    6   (6)
f_EXTI_PORTE_IRQHandler            >    6   (6)
f_I2C_IRQHandler                   >   30   (14)
f_NonHandledInterrupt              >    6   (6)
f_SPI_IRQHandler                   >    6   (6)
f_TIM1_CAP_COM_IRQHandler          >    6   (6)
f_TIM1_UPD_OVF_TRG_BRK_IRQHandler  >    6   (6)
f_TIM2_CAP_COM_IRQHandler          >    6   (6)
f_TIM2_UPD_OVF_BRK_IRQHandler      >    6   (6)
f_TIM4_UPD_OVF_IRQHandler          >   22   (13)
f_TLI_IRQHandler                   >    6   (6)
f_TRAP_IRQHandler                  >    6   (6)
f_UART1_RX_IRQHandler              >    6   (6)
f_UART1_TX_IRQHandler              >    6   (6)

Debug\stm8s_tim4.o:
_TIM4_ARRPreloadConfig             >    9   (3)
_TIM4_ClearFlag                    >    9   (3)
_TIM4_ClearITPendingBit                 9   (3)
_TIM4_Cmd                               9   (3)
_TIM4_DeInit                            2   (2)
_TIM4_GenerateEvent                >    9   (3)
_TIM4_GetCounter                        2   (2)
_TIM4_GetFlagStatus                >   10   (4)
_TIM4_GetITStatus                  >   11   (5)
_TIM4_GetPrescaler                 >    2   (2)
_TIM4_ITConfig                         10   (4)
_TIM4_PrescalerConfig              >   10   (4)
_TIM4_SelectOnePulseMode           >    9   (3)
_TIM4_SetAutoreload                >    2   (2)
_TIM4_SetCounter                   >    2   (2)
_TIM4_TimeBaseInit                     10   (4)
_TIM4_UpdateDisableConfig          >    9   (3)
_TIM4_UpdateRequestConfig          >    9   (3)

Stack size: 79


                              ---------
                              Call tree
                              ---------
   1 > _CLK_AdjustHSICalibrationValue: (3)
   2      + _assert_failed: (6)
       
   3 > _CLK_CCOCmd: (3)
   4      + _assert_failed --> 2
       
   5 > _CLK_CCOConfig: (3)
   6      + _assert_failed --> 2
       
   7 > _CLK_ClearITPendingBit: (3)
   8      + _assert_failed --> 2
       
   9 > _CLK_ClockSecuritySystemEnable: (2)

  10 > _CLK_ClockSwitchCmd: (3)
  11      + _assert_failed --> 2
       
  12 > _CLK_ClockSwitchConfig: (10)
  13      + _assert_failed --> 2
       
  14 > _CLK_FastHaltWakeUpCmd: (3)
  15      + _assert_failed --> 2
       
  16 > _CLK_GetClockFreq: (11)

  17 > _CLK_GetFlagStatus: (7)
  18      + _assert_failed --> 2
       
  19 > _CLK_GetITStatus: (4)
  20      + _assert_failed --> 2
       
  21 > _CLK_GetSYSCLKSource: (2)

  22 > _CLK_HSECmd: (3)
  23      + _assert_failed --> 2
       
  24 > _CLK_ITConfig: (4)
  25      + _assert_failed --> 2
       
  26 > _CLK_LSICmd: (3)
  27      + _assert_failed --> 2
       
  28 > _CLK_PeripheralClockConfig: (4)
  29      + _assert_failed --> 2
       
  30 > _CLK_SWIMConfig: (3)
  31      + _assert_failed --> 2
       
  32 > _CLK_SYSCLKEmergencyClear: (2)

  33 > _CLK_SlowActiveHaltWakeUpCmd: (3)
  34      + _assert_failed --> 2
       
  35 > _EXTI_DeInit: (2)

  36 > _EXTI_GetExtIntSensitivity: (4)
  37      + _assert_failed --> 2
       
  38 > _EXTI_GetTLISensitivity: (3)

  39 > _EXTI_SetTLISensitivity: (3)
  40      + _assert_failed --> 2
       
  41 > _GPIO_DeInit: (2)

  42 > _GPIO_ExternalPullUpConfig: (6)
  43      + _assert_failed --> 2
       
  44 > _GPIO_ReadInputData: (2)

  45 > _GPIO_ReadInputPin: (5)

  46 > _GPIO_ReadOutputData: (2)

  47 > _GPIO_Write: (5)

  48 > _GPIO_WriteReverse: (5)

  49 > _I2C_ClearFlag: (6)
  50      + _assert_failed --> 2
       
  51 > _I2C_ClearITPendingBit: (6)
  52      + _assert_failed --> 2
       
  53 > _I2C_Cmd: (3)
  54      + _assert_failed --> 2
       
  55 > _I2C_FastModeDutyCycleConfig: (3)
  56      + _assert_failed --> 2
       
  57 > _I2C_GetLastEvent: (8)

  58 > _I2C_SoftwareResetCmd: (3)
  59      + _assert_failed --> 2
       
  60 > _I2C_StretchClockCmd: (3)
  61      + _assert_failed --> 2
       
  62 > _LED_SetColor: (5)
  63      + _LED_SetColor_Int: (12)
       
  64 > _TIM4_ARRPreloadConfig: (3)
  65      + _assert_failed --> 2
       
  66 > _TIM4_ClearFlag: (3)
  67      + _assert_failed --> 2
       
  68 > _TIM4_GenerateEvent: (3)
  69      + _assert_failed --> 2
       
  70 > _TIM4_GetFlagStatus: (4)
  71      + _assert_failed --> 2
       
  72 > _TIM4_GetITStatus: (5)
  73      + _assert_failed --> 2
       
  74 > _TIM4_GetPrescaler: (2)

  75 > _TIM4_PrescalerConfig: (4)
  76      + _assert_failed --> 2
       
  77 > _TIM4_SelectOnePulseMode: (3)
  78      + _assert_failed --> 2
       
  79 > _TIM4_SetAutoreload: (2)

  80 > _TIM4_SetCounter: (2)

  81 > _TIM4_UpdateDisableConfig: (3)
  82      + _assert_failed --> 2
       
  83 > _TIM4_UpdateRequestConfig: (3)
  84      + _assert_failed --> 2
       
  85 > __stext: (0)

  86 > _main: (8)
  87      + _CLK_DeInit: (2)
  88      + _CLK_HSICmd: (3)
  89      |    + _assert_failed --> 2
          | 
  90      + _CLK_HSIPrescalerConfig: (3)
  91      |    + _assert_failed --> 2
          | 
  92      + _CLK_SYSCLKConfig: (3)
  93      |    + _assert_failed --> 2
          | 
  94      + _EXTI_SetExtIntSensitivity: (4)
  95      |    + _assert_failed --> 2
          | 
  96      + _GPIO_Init: (6)
  97      |    + _assert_failed --> 2
          | 
  98      + _GPIO_WriteHigh: (5)
  99      + _GPIO_WriteLow: (5)
 100      + _I2C_CheckEvent: (10)
 101      |    + _assert_failed --> 2
          | 
 102      + _I2C_Configuration: (2)
 103      |    + _I2C_DeInit: (2)
 104      |    + _I2C_ITConfig: (4)
 105      |    |    + _assert_failed --> 2
          |    | 
 106      |    + _I2C_Init: (21)
 107      |    |    + _I2C_AcknowledgeConfig: (3)
 108      |    |    |    + _assert_failed --> 2
          |    |    | 
 109      |    |    + _assert_failed --> 2
          |    | 
          | 
 110      + _I2C_GeneralCallCmd: (3)
 111      |    + _assert_failed --> 2
          | 
 112      + _I2C_GenerateSTART: (3)
 113      |    + _assert_failed --> 2
          | 
 114      + _I2C_GenerateSTOP: (3)
 115      |    + _assert_failed --> 2
          | 
 116      + _I2C_ReceiveData: (2)
 117      + _I2C_Send7bitAddress: (4)
 118      |    + _assert_failed --> 2
          | 
 119      + _I2C_SendData: (2)
 120      + _LED_SetColor_Int --> 63
 121      + _TIMER_Configuration: (2)
 122      |    + _TIM4_DeInit: (2)
 123      |    + _TIM4_ITConfig: (4)
 124      |    |    + _assert_failed --> 2
          |    | 
 125      |    + _TIM4_TimeBaseInit: (4)
 126      |    |    + _assert_failed --> 2
          |    | 
          | 
       
 127 > f_ADC1_IRQHandler: (6)

 128 > f_AWU_IRQHandler: (6)

 129 > f_CLK_IRQHandler: (6)

 130 > f_EEPROM_EEC_IRQHandler: (6)

 131 > f_EXTI_PORTA_IRQHandler: (6)

 132 > f_EXTI_PORTB_IRQHandler: (6)

 133 > f_EXTI_PORTC_IRQHandler: (15)
 134      + _I2C_SendPacket: (3)
 135      |    + _I2C_CheckEvent --> 100
 136      |    + _I2C_GenerateSTART --> 112
 137      |    + _I2C_GenerateSTOP --> 114
 138      |    + _I2C_GetFlagStatus: (6)
 139      |    |    + _assert_failed --> 2
          |    | 
 140      |    + _I2C_Send7bitAddress --> 117
 141      |    + _I2C_SendData --> 119
          | 
 142      + _TIM4_Cmd: (3)
 143      |    + _assert_failed --> 2
          | 
       
 144 > f_EXTI_PORTD_IRQHandler: (6)

 145 > f_EXTI_PORTE_IRQHandler: (6)

 146 > f_I2C_IRQHandler: (14)
 147      + _I2C_CheckEvent --> 100
 148      + _I2C_GetITStatus: (8)
 149      |    + _assert_failed --> 2
          | 
       
 150 > f_NonHandledInterrupt: (6)

 151 > f_SPI_IRQHandler: (6)

 152 > f_TIM1_CAP_COM_IRQHandler: (6)

 153 > f_TIM1_UPD_OVF_TRG_BRK_IRQHandler: (6)

 154 > f_TIM2_CAP_COM_IRQHandler: (6)

 155 > f_TIM2_UPD_OVF_BRK_IRQHandler: (6)

 156 > f_TIM4_UPD_OVF_IRQHandler: (13)
 157      + _TIM4_ClearITPendingBit: (3)
 158      |    + _assert_failed --> 2
          | 
 159      + _TIM4_GetCounter: (2)
       
 160 > f_TLI_IRQHandler: (6)

 161 > f_TRAP_IRQHandler: (6)

 162 > f_UART1_RX_IRQHandler: (6)

 163 > f_UART1_TX_IRQHandler: (6)

 164   _CLK_DeInit --> 87

 165   _CLK_HSICmd --> 88

 166   _CLK_HSIPrescalerConfig --> 90

 167   _CLK_SYSCLKConfig --> 92

 168   _EXTI_SetExtIntSensitivity --> 94

 169   _GPIO_Init --> 96

 170   _GPIO_WriteHigh --> 98

 171   _GPIO_WriteLow --> 99

 172   _I2C_AcknowledgeConfig --> 107

 173   _I2C_CheckEvent --> 100

 174   _I2C_Configuration --> 102

 175   _I2C_DeInit --> 103

 176   _I2C_GeneralCallCmd --> 110

 177   _I2C_GenerateSTART --> 112

 178   _I2C_GenerateSTOP --> 114

 179   _I2C_GetFlagStatus --> 138

 180   _I2C_GetITStatus --> 148

 181   _I2C_ITConfig --> 104

 182   _I2C_Init --> 106

 183   _I2C_ReceiveData --> 116

 184   _I2C_Send7bitAddress --> 117

 185   _I2C_SendData --> 119

 186   _I2C_SendPacket --> 134

 187   _LED_SetColor_Int --> 63

 188   _TIM4_ClearITPendingBit --> 157

 189   _TIM4_Cmd --> 142

 190   _TIM4_DeInit --> 122

 191   _TIM4_GetCounter --> 159

 192   _TIM4_ITConfig --> 123

 193   _TIM4_TimeBaseInit --> 125

 194   _TIMER_Configuration --> 121

 195   _assert_failed --> 2



                               -------
                               Symbols
                               -------

_CLKPrescTable                      00008084   defined in Debug\stm8s_clk.o section .const
_CLK_AdjustHSICalibrationValue      000087b3   defined in Debug\stm8s_clk.o section .text
_CLK_CCOCmd                         00008313   defined in Debug\stm8s_clk.o section .text
_CLK_CCOConfig                      000085c9   defined in Debug\stm8s_clk.o section .text
_CLK_ClearITPendingBit              000088e3   defined in Debug\stm8s_clk.o section .text
_CLK_ClockSecuritySystemEnable      00008736   defined in Debug\stm8s_clk.o section .text
_CLK_ClockSwitchCmd                 0000833e   defined in Debug\stm8s_clk.o section .text
_CLK_ClockSwitchConfig              00008482   defined in Debug\stm8s_clk.o section .text
_CLK_DeInit                         0000822f   defined in Debug\stm8s_clk.o section .text
                                               used in Debug\main.o
_CLK_FastHaltWakeUpCmd              00008267   defined in Debug\stm8s_clk.o section .text
_CLK_GetClockFreq                   0000873f   defined in Debug\stm8s_clk.o section .text
_CLK_GetFlagStatus                  000087f7   defined in Debug\stm8s_clk.o section .text
_CLK_GetITStatus                    00008898   defined in Debug\stm8s_clk.o section .text
_CLK_GetSYSCLKSource                0000873b   defined in Debug\stm8s_clk.o section .text
_CLK_HSECmd                         00008292   defined in Debug\stm8s_clk.o section .text
_CLK_HSICmd                         000082bd   defined in Debug\stm8s_clk.o section .text
                                               used in Debug\main.o
_CLK_HSIPrescalerConfig             00008594   defined in Debug\stm8s_clk.o section .text
                                               used in Debug\main.o
_CLK_ITConfig                       00008626   defined in Debug\stm8s_clk.o section .text
_CLK_LSICmd                         000082e8   defined in Debug\stm8s_clk.o section .text
_CLK_PeripheralClockConfig          00008394   defined in Debug\stm8s_clk.o section .text
_CLK_SWIMConfig                     0000870b   defined in Debug\stm8s_clk.o section .text
_CLK_SYSCLKConfig                   0000869a   defined in Debug\stm8s_clk.o section .text
                                               used in Debug\main.o
_CLK_SYSCLKEmergencyClear           000087f2   defined in Debug\stm8s_clk.o section .text
_CLK_SlowActiveHaltWakeUpCmd        00008369   defined in Debug\stm8s_clk.o section .text
_Counter                            00000000   defined in Debug\stm8s_it.o section .bsct, initialized
_EXTI_DeInit                        00009a36   defined in Debug\stm8s_exti.o section .text
_EXTI_GetExtIntSensitivity          00009b36   defined in Debug\stm8s_exti.o section .text
_EXTI_GetTLISensitivity             00009bac   defined in Debug\stm8s_exti.o section .text
_EXTI_SetExtIntSensitivity          00009a3f   defined in Debug\stm8s_exti.o section .text
                                               used in Debug\main.o
_EXTI_SetTLISensitivity             00009b0d   defined in Debug\stm8s_exti.o section .text
_GPIO_DeInit                        000098da   defined in Debug\stm8s_gpio.o section .text
_GPIO_ExternalPullUpConfig          000099e8   defined in Debug\stm8s_gpio.o section .text
_GPIO_Init                          000098e2   defined in Debug\stm8s_gpio.o section .text
                                               used in Debug\main.o
_GPIO_ReadInputData                 000099de   defined in Debug\stm8s_gpio.o section .text
_GPIO_ReadInputPin                  000099e1   defined in Debug\stm8s_gpio.o section .text
_GPIO_ReadOutputData                000099dc   defined in Debug\stm8s_gpio.o section .text
_GPIO_Write                         000099be   defined in Debug\stm8s_gpio.o section .text
_GPIO_WriteHigh                     000099c6   defined in Debug\stm8s_gpio.o section .text
                                               used in Debug\main.o
_GPIO_WriteLow                      000099cd   defined in Debug\stm8s_gpio.o section .text
                                               used in Debug\main.o
_GPIO_WriteReverse                  000099d5   defined in Debug\stm8s_gpio.o section .text
_HSIDivFactor                       00008080   defined in Debug\stm8s_clk.o section .const
_I2C_AcknowledgeConfig              00009223   defined in Debug\stm8s_i2c.o section .text
_I2C_CheckEvent                     00009349   defined in Debug\stm8s_i2c.o section .text
                                               used in Debug\stm8s_it.o
                                                       Debug\main.o
_I2C_ClearFlag                      000094ee   defined in Debug\stm8s_i2c.o section .text
_I2C_ClearITPendingBit              000095d0   defined in Debug\stm8s_i2c.o section .text
_I2C_Cmd                            00009121   defined in Debug\stm8s_i2c.o section .text
_I2C_Configuration                  00008ca9   defined in Debug\main.o section .text
_I2C_DeInit                         00008f00   defined in Debug\stm8s_i2c.o section .text
                                               used in Debug\main.o
_I2C_FastModeDutyCycleConfig        000092cf   defined in Debug\stm8s_i2c.o section .text
_I2C_GeneralCallCmd                 0000914c   defined in Debug\stm8s_i2c.o section .text
                                               used in Debug\main.o
_I2C_GenerateSTART                  00009177   defined in Debug\stm8s_i2c.o section .text
                                               used in Debug\main.o
_I2C_GenerateSTOP                   000091a2   defined in Debug\stm8s_i2c.o section .text
                                               used in Debug\main.o
_I2C_GetFlagStatus                  00009450   defined in Debug\stm8s_i2c.o section .text
                                               used in Debug\main.o
_I2C_GetITStatus                    00009526   defined in Debug\stm8s_i2c.o section .text
                                               used in Debug\stm8s_it.o
_I2C_GetLastEvent                   0000941d   defined in Debug\stm8s_i2c.o section .text
_I2C_ITConfig                       00009262   defined in Debug\stm8s_i2c.o section .text
                                               used in Debug\main.o
_I2C_Init                           00008f25   defined in Debug\stm8s_i2c.o section .text
                                               used in Debug\main.o
_I2C_ReceiveData                    000092fc   defined in Debug\stm8s_i2c.o section .text
                                               used in Debug\main.o
_I2C_Send7bitAddress                00009300   defined in Debug\stm8s_i2c.o section .text
                                               used in Debug\main.o
_I2C_SendData                       00009345   defined in Debug\stm8s_i2c.o section .text
                                               used in Debug\main.o
_I2C_SendPacket                     00008e9e   defined in Debug\main.o section .text
                                               used in Debug\stm8s_it.o
_I2C_SoftwareResetCmd               000091cd   defined in Debug\stm8s_i2c.o section .text
_I2C_StretchClockCmd                000091f8   defined in Debug\stm8s_i2c.o section .text
_LED_SetColor                       00008cce   defined in Debug\main.o section .text
_LED_SetColor_Int                   00008cde   defined in Debug\main.o section .text
_NumOfBytes                         00000009   defined in Debug\main.o section .bsct, initialized
_TIM4_ARRPreloadConfig              000097d8   defined in Debug\stm8s_tim4.o section .text
_TIM4_ClearFlag                     0000985e   defined in Debug\stm8s_tim4.o section .text
_TIM4_ClearITPendingBit             000098ba   defined in Debug\stm8s_tim4.o section .text
                                               used in Debug\stm8s_it.o
_TIM4_Cmd                           00009673   defined in Debug\stm8s_tim4.o section .text
                                               used in Debug\stm8s_it.o
_TIM4_DeInit                        00009613   defined in Debug\stm8s_tim4.o section .text
                                               used in Debug\main.o
_TIM4_GenerateEvent                 00009803   defined in Debug\stm8s_tim4.o section .text
_TIM4_GetCounter                    0000982a   defined in Debug\stm8s_tim4.o section .text
                                               used in Debug\stm8s_it.o
_TIM4_GetFlagStatus                 00009832   defined in Debug\stm8s_tim4.o section .text
_TIM4_GetITStatus                   0000987e   defined in Debug\stm8s_tim4.o section .text
_TIM4_GetPrescaler                  0000982e   defined in Debug\stm8s_tim4.o section .text
_TIM4_ITConfig                      0000969e   defined in Debug\stm8s_tim4.o section .text
                                               used in Debug\main.o
_TIM4_PrescalerConfig               0000976e   defined in Debug\stm8s_tim4.o section .text
_TIM4_SelectOnePulseMode            00009743   defined in Debug\stm8s_tim4.o section .text
_TIM4_SetAutoreload                 00009826   defined in Debug\stm8s_tim4.o section .text
_TIM4_SetCounter                    00009822   defined in Debug\stm8s_tim4.o section .text
_TIM4_TimeBaseInit                  0000962c   defined in Debug\stm8s_tim4.o section .text
                                               used in Debug\main.o
_TIM4_UpdateDisableConfig           000096ed   defined in Debug\stm8s_tim4.o section .text
_TIM4_UpdateRequestConfig           00009718   defined in Debug\stm8s_tim4.o section .text
_TIMER_Configuration                00008e8e   defined in Debug\main.o section .text
_TxBuffer                           ********   *** removed from Debug\main.o ***
_User_Key_Pressed                   00000004   defined in Debug\main.o section .bsct, initialized
__endmem                            000001ff   defined in command file
                                               *** not used ***
__endzp                             0000001a   defined in command file section .ubsct
                                               used in C:\Program Files (x86)\COSMIC\CXSTM8_EVAL\lib\crtsi0.sm8
__idesc__                           000081cc   defined in linker section .init
                                               used in C:\Program Files (x86)\COSMIC\CXSTM8_EVAL\lib\crtsi0.sm8
__memory                            00000100   defined in command file section .bss
                                               used in C:\Program Files (x86)\COSMIC\CXSTM8_EVAL\lib\crtsi0.sm8
__stack                             000003ff   defined in command file
                                               used in C:\Program Files (x86)\COSMIC\CXSTM8_EVAL\lib\crtsi0.sm8
__startmem                          00000100   defined in command file section .bss
                                               *** not used ***
__stext                             000081e4   defined in C:\Program Files (x86)\COSMIC\CXSTM8_EVAL\lib\crtsi0.sm8 section .text
                                               used in Debug\stm8_interrupt_vector.o
__vectab                            00008000   defined in Debug\stm8_interrupt_vector.o section .const
_assert_failed                      00008efe   defined in Debug\main.o section .text
                                               used in Debug\stm8s_clk.o
                                                       Debug\stm8s_i2c.o
                                                       Debug\stm8s_tim4.o
                                                       Debug\stm8s_gpio.o
                                                       Debug\stm8s_exti.o
_button_state                       00000006   defined in Debug\main.o section .bsct, initialized
                                               used in Debug\stm8s_it.o
_exit                               0000822d   defined in C:\Program Files (x86)\COSMIC\CXSTM8_EVAL\lib\crtsi0.sm8 section .text
_i                                  00000008   defined in Debug\main.o section .bsct, initialized
_main                               00008ae5   defined in Debug\main.o section .text
                                               used in C:\Program Files (x86)\COSMIC\CXSTM8_EVAL\lib\crtsi0.sm8
_nack_count                         0000000f   defined in Debug\main.o section .bsct, initialized
_next_case                          0000000a   defined in Debug\main.o section .bsct, initialized
_note_playing                       00000007   defined in Debug\main.o section .bsct, initialized
                                               used in Debug\stm8s_it.o
_ping_received                      0000000e   defined in Debug\main.o section .bsct, initialized
_previous_button_state              00000005   defined in Debug\main.o section .bsct, initialized
                                               used in Debug\stm8s_it.o
_received                           0000000c   defined in Debug\main.o section .bsct, initialized
_received2                          0000000d   defined in Debug\main.o section .bsct, initialized
_stopDelay                          00000002   defined in Debug\stm8s_it.o section .bsct, initialized
_velocity                           0000000b   defined in Debug\main.o section .bsct, initialized
c_divsl                             00009c8a   defined in (C:\Program Files (x86)\COSMIC\CXSTM8_EVAL\lib\libm0.sm8)ldiv.o section .text
                                               *** not used ***
c_divul                             00009ca1   defined in (C:\Program Files (x86)\COSMIC\CXSTM8_EVAL\lib\libm0.sm8)ldiv.o section .text
                                               used in (C:\Program Files (x86)\COSMIC\CXSTM8_EVAL\lib\libm0.sm8)ludiv.o
c_lcmp                              00009bb9   defined in (C:\Program Files (x86)\COSMIC\CXSTM8_EVAL\lib\libm0.sm8)lcmp.o section .text
                                               used in Debug\stm8s_i2c.o
c_lgneg                             00009d75   defined in (C:\Program Files (x86)\COSMIC\CXSTM8_EVAL\lib\libm0.sm8)lgneg.o section .text
                                               used in (C:\Program Files (x86)\COSMIC\CXSTM8_EVAL\lib\libm0.sm8)ldiv.o
c_lmul                              00009bd9   defined in (C:\Program Files (x86)\COSMIC\CXSTM8_EVAL\lib\libm0.sm8)lmul.o section .text
                                               used in Debug\stm8s_i2c.o
c_lmulc                             00009be1   defined in (C:\Program Files (x86)\COSMIC\CXSTM8_EVAL\lib\libm0.sm8)lmul.o section .text
                                               *** not used ***
c_lneg                              00009d88   defined in (C:\Program Files (x86)\COSMIC\CXSTM8_EVAL\lib\libm0.sm8)lneg.o section .text
                                               used in (C:\Program Files (x86)\COSMIC\CXSTM8_EVAL\lib\libm0.sm8)ldiv.o
c_lreg                              00000010   defined in (C:\Program Files (x86)\COSMIC\CXSTM8_EVAL\lib\libm0.sm8)lreg.o section .ubsct
                                               used in Debug\stm8s_clk.o
                                                       Debug\stm8s_i2c.o
                                                       (C:\Program Files (x86)\COSMIC\CXSTM8_EVAL\lib\libm0.sm8)lcmp.o
                                                       (C:\Program Files (x86)\COSMIC\CXSTM8_EVAL\lib\libm0.sm8)lmul.o
                                                       (C:\Program Files (x86)\COSMIC\CXSTM8_EVAL\lib\libm0.sm8)ltor.o
                                                       (C:\Program Files (x86)\COSMIC\CXSTM8_EVAL\lib\libm0.sm8)ldiv.o
                                                       (C:\Program Files (x86)\COSMIC\CXSTM8_EVAL\lib\libm0.sm8)lneg.o
                                                       (C:\Program Files (x86)\COSMIC\CXSTM8_EVAL\lib\libm0.sm8)rtol.o
                                                       (C:\Program Files (x86)\COSMIC\CXSTM8_EVAL\lib\libm0.sm8)smul.o
c_ltor                              00009c64   defined in (C:\Program Files (x86)\COSMIC\CXSTM8_EVAL\lib\libm0.sm8)ltor.o section .text
                                               used in Debug\stm8s_clk.o
                                                       Debug\stm8s_i2c.o
c_ludv                              00009c76   defined in (C:\Program Files (x86)\COSMIC\CXSTM8_EVAL\lib\libm0.sm8)ludiv.o section .text
                                               used in Debug\stm8s_clk.o
                                                       Debug\stm8s_i2c.o
c_lzmp                              00009d9d   defined in (C:\Program Files (x86)\COSMIC\CXSTM8_EVAL\lib\libm0.sm8)lzmp.o section .text
                                               used in Debug\stm8s_i2c.o
c_rtol                              00009db0   defined in (C:\Program Files (x86)\COSMIC\CXSTM8_EVAL\lib\libm0.sm8)rtol.o section .text
                                               used in Debug\stm8s_clk.o
                                                       Debug\stm8s_i2c.o
c_sdivx                             00009dc8   defined in (C:\Program Files (x86)\COSMIC\CXSTM8_EVAL\lib\libm0.sm8)sdivx.o section .text
                                               used in Debug\stm8s_i2c.o
c_smodx                             00009dc2   defined in (C:\Program Files (x86)\COSMIC\CXSTM8_EVAL\lib\libm0.sm8)sdivx.o section .text
                                               *** not used ***
c_smul                              00009ded   defined in (C:\Program Files (x86)\COSMIC\CXSTM8_EVAL\lib\libm0.sm8)smul.o section .text
                                               used in Debug\stm8s_i2c.o
c_x                                 00000014   defined in (C:\Program Files (x86)\COSMIC\CXSTM8_EVAL\lib\libm0.sm8)xreg.o section .ubsct
                                               used in C:\Program Files (x86)\COSMIC\CXSTM8_EVAL\lib\crtsi0.sm8
                                                       Debug\stm8s_it.o
                                                       (C:\Program Files (x86)\COSMIC\CXSTM8_EVAL\lib\libm0.sm8)lmul.o
                                                       (C:\Program Files (x86)\COSMIC\CXSTM8_EVAL\lib\libm0.sm8)ldiv.o
                                                       (C:\Program Files (x86)\COSMIC\CXSTM8_EVAL\lib\libm0.sm8)sdivx.o
c_y                                 00000017   defined in (C:\Program Files (x86)\COSMIC\CXSTM8_EVAL\lib\libm0.sm8)yreg.o section .ubsct
                                               used in C:\Program Files (x86)\COSMIC\CXSTM8_EVAL\lib\crtsi0.sm8
                                                       Debug\stm8s_it.o
f_ADC1_IRQHandler                   00008ab1   defined in Debug\stm8s_it.o section .text
                                               used in Debug\stm8_interrupt_vector.o
f_AWU_IRQHandler                    00008914   defined in Debug\stm8s_it.o section .text
                                               used in Debug\stm8_interrupt_vector.o
f_CLK_IRQHandler                    00008915   defined in Debug\stm8s_it.o section .text
                                               used in Debug\stm8_interrupt_vector.o
f_EEPROM_EEC_IRQHandler             00008ae4   defined in Debug\stm8s_it.o section .text
                                               used in Debug\stm8_interrupt_vector.o
f_EXTI_PORTA_IRQHandler             00008916   defined in Debug\stm8s_it.o section .text
                                               used in Debug\stm8_interrupt_vector.o
f_EXTI_PORTB_IRQHandler             00008917   defined in Debug\stm8s_it.o section .text
                                               used in Debug\stm8_interrupt_vector.o
f_EXTI_PORTC_IRQHandler             00008918   defined in Debug\stm8s_it.o section .text
                                               used in Debug\stm8_interrupt_vector.o
f_EXTI_PORTD_IRQHandler             000089ad   defined in Debug\stm8s_it.o section .text
                                               used in Debug\stm8_interrupt_vector.o
f_EXTI_PORTE_IRQHandler             000089ae   defined in Debug\stm8s_it.o section .text
                                               used in Debug\stm8_interrupt_vector.o
f_I2C_IRQHandler                    000089b6   defined in Debug\stm8s_it.o section .text
                                               used in Debug\stm8_interrupt_vector.o
f_NonHandledInterrupt               00008911   defined in Debug\stm8s_it.o section .text
                                               used in Debug\stm8_interrupt_vector.o
f_SPI_IRQHandler                    000089af   defined in Debug\stm8s_it.o section .text
                                               used in Debug\stm8_interrupt_vector.o
f_TIM1_CAP_COM_IRQHandler           000089b1   defined in Debug\stm8s_it.o section .text
                                               used in Debug\stm8_interrupt_vector.o
f_TIM1_UPD_OVF_TRG_BRK_IRQHandler   000089b0   defined in Debug\stm8s_it.o section .text
                                               used in Debug\stm8_interrupt_vector.o
f_TIM2_CAP_COM_IRQHandler           000089b3   defined in Debug\stm8s_it.o section .text
                                               used in Debug\stm8_interrupt_vector.o
f_TIM2_UPD_OVF_BRK_IRQHandler       000089b2   defined in Debug\stm8s_it.o section .text
                                               used in Debug\stm8_interrupt_vector.o
f_TIM4_UPD_OVF_IRQHandler           00008ab2   defined in Debug\stm8s_it.o section .text
                                               used in Debug\stm8_interrupt_vector.o
f_TLI_IRQHandler                    00008913   defined in Debug\stm8s_it.o section .text
                                               used in Debug\stm8_interrupt_vector.o
f_TRAP_IRQHandler                   00008912   defined in Debug\stm8s_it.o section .text
                                               used in Debug\stm8_interrupt_vector.o
f_UART1_RX_IRQHandler               000089b5   defined in Debug\stm8s_it.o section .text
                                               used in Debug\stm8_interrupt_vector.o
f_UART1_TX_IRQHandler               000089b4   defined in Debug\stm8s_it.o section .text
                                               used in Debug\stm8_interrupt_vector.o
