
Map of Debug\discover.sm8 from link file Debug\discover.lkf - Sun Mar 12 17:04:55 2017


                               --------
                               Segments
                               --------

start 00008080 end 000081cc length   332 segment .const
start 000081e1 end 00009e11 length  7216 segment .text
start 00004000 end 00004000 length     0 segment .eeprom
start 00000000 end 0000000d length    13 segment .bsct, initialized
start 000081d4 end 000081e1 length    13 segment .bsct, from
start 0000000d end 0000001f length    18 segment .ubsct
start 0000001f end 0000001f length     0 segment .bit
start 0000001f end 0000001f length     0 segment .share
start 00000100 end 00000100 length     0 segment .data
start 00000100 end 00000100 length     0 segment .bss
start 00000000 end 000006f5 length  1781 segment .info.
start 00000000 end 0000550b length 21771 segment .debug
start 00008000 end 00008080 length   128 segment .const
start 000081cc end 000081d4 length     8 segment .init


                               -------
                               Modules
                               -------

C:\Program Files (x86)\COSMIC\CXSTM8_EVAL\Lib\crtsi0.sm8:
start 000081e1 end 0000822c length    75 section .text
start 00000100 end 00000100 length     0 section .bss
start 0000000d end 0000000d length     0 section .ubsct
start 00000000 end 00000030 length    48 section .info.

Debug\stm8s_clk.o:
start 0000822c end 0000890e length  1762 section .text
start 00000000 end 0000166f length  5743 section .debug
start 00000030 end 000000ae length   126 section .info.
start 00008080 end 000080c9 length    73 section .const

Debug\stm8s_it.o:
start 0000890e end 00008b31 length   547 section .text
start 00000000 end 00000002 length     2 section .bsct
start 0000166f end 00001d83 length  1812 section .debug
start 000000ae end 0000012b length   125 section .info.

Debug\main.o:
start 00008b31 end 00008ee5 length   948 section .text
start 00000002 end 0000000d length    11 section .bsct
start 0000000d end 00000015 length     8 section .ubsct
start 00001d83 end 000023f4 length  1649 section .debug
start 0000012b end 000001a4 length   121 section .info.

Debug\stm8s_i2c.o:
start 00008ee5 end 000095f8 length  1811 section .text
start 000023f4 end 00003995 length  5537 section .debug
start 000001a4 end 00000222 length   126 section .info.
start 000080c9 end 00008112 length    73 section .const

Debug\stm8s_tim4.o:
start 000095f8 end 000098bf length   711 section .text
start 00003995 end 0000454c length  2999 section .debug
start 00000222 end 000002a1 length   127 section .info.
start 00008112 end 00008150 length    62 section .const

Debug\stm8s_gpio.o:
start 000098bf end 00009a1b length   348 section .text
start 0000454c end 00004f56 length  2570 section .debug
start 000002a1 end 00000320 length   127 section .info.
start 00008150 end 0000818e length    62 section .const

Debug\stm8s_exti.o:
start 00009a1b end 00009b9e length   387 section .text
start 00004f56 end 000053e5 length  1167 section .debug
start 00000320 end 0000039f length   127 section .info.
start 0000818e end 000081cc length    62 section .const

(C:\Program Files (x86)\COSMIC\CXSTM8_EVAL\Lib\libm0.sm8)lcmp.o:
start 00009b9e end 00009bbe length    32 section .text
start 0000039f end 000003ce length    47 section .info.

(C:\Program Files (x86)\COSMIC\CXSTM8_EVAL\Lib\libm0.sm8)lmul.o:
start 00009bbe end 00009c49 length   139 section .text
start 000003ce end 000003fd length    47 section .info.

(C:\Program Files (x86)\COSMIC\CXSTM8_EVAL\Lib\libm0.sm8)lreg.o:
start 00000015 end 00000019 length     4 section .ubsct
start 000003fd end 0000042c length    47 section .info.

(C:\Program Files (x86)\COSMIC\CXSTM8_EVAL\Lib\libm0.sm8)ltor.o:
start 00009c49 end 00009c5b length    18 section .text
start 0000042c end 0000045b length    47 section .info.

(C:\Program Files (x86)\COSMIC\CXSTM8_EVAL\Lib\libm0.sm8)ludiv.o:
start 00009c5b end 00009c6f length    20 section .text
start 0000045b end 0000048b length    48 section .info.

(C:\Program Files (x86)\COSMIC\CXSTM8_EVAL\Lib\libm0.sm8)ldiv.o:
start 00009c6f end 00009d5a length   235 section .text
start 0000048b end 000004ba length    47 section .info.

(C:\Program Files (x86)\COSMIC\CXSTM8_EVAL\Lib\libm0.sm8)lgneg.o:
start 00009d5a end 00009d6d length    19 section .text
start 000004ba end 000004ea length    48 section .info.

(C:\Program Files (x86)\COSMIC\CXSTM8_EVAL\Lib\libm0.sm8)lneg.o:
start 00009d6d end 00009d82 length    21 section .text
start 000004ea end 00000519 length    47 section .info.

(C:\Program Files (x86)\COSMIC\CXSTM8_EVAL\Lib\libm0.sm8)lzmp.o:
start 00009d82 end 00009d95 length    19 section .text
start 00000519 end 00000548 length    47 section .info.

(C:\Program Files (x86)\COSMIC\CXSTM8_EVAL\Lib\libm0.sm8)rtol.o:
start 00009d95 end 00009da7 length    18 section .text
start 00000548 end 00000577 length    47 section .info.

(C:\Program Files (x86)\COSMIC\CXSTM8_EVAL\Lib\libm0.sm8)sdivx.o:
start 00009da7 end 00009dd2 length    43 section .text
start 00000577 end 000005a7 length    48 section .info.

(C:\Program Files (x86)\COSMIC\CXSTM8_EVAL\Lib\libm0.sm8)smul.o:
start 00009dd2 end 00009e11 length    63 section .text
start 000005a7 end 000005d6 length    47 section .info.

(C:\Program Files (x86)\COSMIC\CXSTM8_EVAL\Lib\libm0.sm8)xreg.o:
start 00000019 end 0000001c length     3 section .ubsct
start 000005d6 end 00000605 length    47 section .info.

(C:\Program Files (x86)\COSMIC\CXSTM8_EVAL\Lib\libm0.sm8)yreg.o:
start 0000001c end 0000001f length     3 section .ubsct
start 00000605 end 00000634 length    47 section .info.

Debug\stm8_interrupt_vector.o:
start 000053e5 end 0000550b length   294 section .debug
start 00000634 end 000006be length   138 section .info.
start 00008000 end 00008080 length   128 section .const


                             -----------
                             Stack usage
                             -----------

Debug\main.o:
_Core_Ping_Reply                   >    2   (2)
_I2C_Configuration                     37   (2)
_I2C_SendPacket                        19   (3)
_LED_SetColor                      >   17   (5)
_LED_SetColor_Int                      12   (12)
_TIMER_Configuration                   12   (2)
_assert_failed                          6   (6)
_main                              >   39   (2)

Debug\stm8s_clk.o:
_CLK_AdjustHSICalibrationValue     >    9   (3)
_CLK_CCOCmd                        >    9   (3)
_CLK_CCOConfig                     >    9   (3)
_CLK_ClearITPendingBit             >    9   (3)
_CLK_ClockSecuritySystemEnable     >    2   (2)
_CLK_ClockSwitchCmd                >    9   (3)
_CLK_ClockSwitchConfig             >   16   (10)
_CLK_DeInit                             2   (2)
_CLK_FastHaltWakeUpCmd                  9   (3)
_CLK_GetClockFreq                  >   25   (11)
_CLK_GetFlagStatus                 >   13   (7)
_CLK_GetITStatus                   >   10   (4)
_CLK_GetSYSCLKSource               >    2   (2)
_CLK_HSECmd                        >    9   (3)
_CLK_HSICmd                             9   (3)
_CLK_HSIPrescalerConfig                 9   (3)
_CLK_ITConfig                      >   10   (4)
_CLK_LSICmd                        >    9   (3)
_CLK_PeripheralClockConfig             10   (4)
_CLK_SWIMConfig                    >    9   (3)
_CLK_SYSCLKConfig                       9   (3)
_CLK_SYSCLKEmergencyClear          >    2   (2)
_CLK_SlowActiveHaltWakeUpCmd       >    9   (3)

Debug\stm8s_exti.o:
_EXTI_DeInit                       >    2   (2)
_EXTI_GetExtIntSensitivity         >   10   (4)
_EXTI_GetTLISensitivity            >    3   (3)
_EXTI_SetExtIntSensitivity             10   (4)
_EXTI_SetTLISensitivity            >    9   (3)

Debug\stm8s_gpio.o:
_GPIO_DeInit                       >    2   (2)
_GPIO_ExternalPullUpConfig         >   12   (6)
_GPIO_Init                             12   (6)
_GPIO_ReadInputData                >    2   (2)
_GPIO_ReadInputPin                 >    5   (5)
_GPIO_ReadOutputData               >    2   (2)
_GPIO_Write                        >    5   (5)
_GPIO_WriteHigh                         5   (5)
_GPIO_WriteLow                          5   (5)
_GPIO_WriteReverse                 >    5   (5)

Debug\stm8s_i2c.o:
_I2C_AcknowledgeConfig                  9   (3)
_I2C_CheckEvent                        16   (10)
_I2C_ClearFlag                     >   12   (6)
_I2C_ClearITPendingBit             >   12   (6)
_I2C_Cmd                           >    9   (3)
_I2C_DeInit                             2   (2)
_I2C_FastModeDutyCycleConfig       >    9   (3)
_I2C_GeneralCallCmd                     9   (3)
_I2C_GenerateSTART                      9   (3)
_I2C_GenerateSTOP                       9   (3)
_I2C_GetFlagStatus                 >   12   (6)
_I2C_GetITStatus                       14   (8)
_I2C_GetLastEvent                  >    8   (8)
_I2C_ITConfig                          10   (4)
_I2C_Init                              35   (21)
_I2C_ReceiveData                        2   (2)
_I2C_Send7bitAddress                   10   (4)
_I2C_SendData                           2   (2)
_I2C_SoftwareResetCmd              >    9   (3)
_I2C_StretchClockCmd               >    9   (3)

Debug\stm8s_it.o:
f_ADC1_IRQHandler                  >    6   (6)
f_AWU_IRQHandler                   >    6   (6)
f_CLK_IRQHandler                   >    6   (6)
f_EEPROM_EEC_IRQHandler            >    6   (6)
f_EXTI_PORTA_IRQHandler            >    6   (6)
f_EXTI_PORTB_IRQHandler            >    6   (6)
f_EXTI_PORTC_IRQHandler            >   34   (15)
f_EXTI_PORTD_IRQHandler            >    6   (6)
f_EXTI_PORTE_IRQHandler            >    6   (6)
f_I2C_IRQHandler                   >   30   (14)
f_NonHandledInterrupt              >    6   (6)
f_SPI_IRQHandler                   >    6   (6)
f_TIM1_CAP_COM_IRQHandler          >    6   (6)
f_TIM1_UPD_OVF_TRG_BRK_IRQHandler  >    6   (6)
f_TIM2_CAP_COM_IRQHandler          >    6   (6)
f_TIM2_UPD_OVF_BRK_IRQHandler      >    6   (6)
f_TIM4_UPD_OVF_IRQHandler          >   21   (12)
f_TLI_IRQHandler                   >    6   (6)
f_TRAP_IRQHandler                  >    6   (6)
f_UART1_RX_IRQHandler              >    6   (6)
f_UART1_TX_IRQHandler              >    6   (6)

Debug\stm8s_tim4.o:
_TIM4_ARRPreloadConfig             >    9   (3)
_TIM4_ClearFlag                    >    9   (3)
_TIM4_ClearITPendingBit                 9   (3)
_TIM4_Cmd                               9   (3)
_TIM4_DeInit                            2   (2)
_TIM4_GenerateEvent                >    9   (3)
_TIM4_GetCounter                        2   (2)
_TIM4_GetFlagStatus                >   10   (4)
_TIM4_GetITStatus                  >   11   (5)
_TIM4_GetPrescaler                 >    2   (2)
_TIM4_ITConfig                         10   (4)
_TIM4_PrescalerConfig              >   10   (4)
_TIM4_SelectOnePulseMode           >    9   (3)
_TIM4_SetAutoreload                >    2   (2)
_TIM4_SetCounter                        2   (2)
_TIM4_TimeBaseInit                     10   (4)
_TIM4_UpdateDisableConfig          >    9   (3)
_TIM4_UpdateRequestConfig          >    9   (3)

Stack size: 73


                              ---------
                              Call tree
                              ---------
   1 > _CLK_AdjustHSICalibrationValue: (3)
   2      + _assert_failed: (6)
       
   3 > _CLK_CCOCmd: (3)
   4      + _assert_failed --> 2
       
   5 > _CLK_CCOConfig: (3)
   6      + _assert_failed --> 2
       
   7 > _CLK_ClearITPendingBit: (3)
   8      + _assert_failed --> 2
       
   9 > _CLK_ClockSecuritySystemEnable: (2)

  10 > _CLK_ClockSwitchCmd: (3)
  11      + _assert_failed --> 2
       
  12 > _CLK_ClockSwitchConfig: (10)
  13      + _assert_failed --> 2
       
  14 > _CLK_GetClockFreq: (11)

  15 > _CLK_GetFlagStatus: (7)
  16      + _assert_failed --> 2
       
  17 > _CLK_GetITStatus: (4)
  18      + _assert_failed --> 2
       
  19 > _CLK_GetSYSCLKSource: (2)

  20 > _CLK_HSECmd: (3)
  21      + _assert_failed --> 2
       
  22 > _CLK_ITConfig: (4)
  23      + _assert_failed --> 2
       
  24 > _CLK_LSICmd: (3)
  25      + _assert_failed --> 2
       
  26 > _CLK_SWIMConfig: (3)
  27      + _assert_failed --> 2
       
  28 > _CLK_SYSCLKEmergencyClear: (2)

  29 > _CLK_SlowActiveHaltWakeUpCmd: (3)
  30      + _assert_failed --> 2
       
  31 > _Core_Ping_Reply: (2)

  32 > _EXTI_DeInit: (2)

  33 > _EXTI_GetExtIntSensitivity: (4)
  34      + _assert_failed --> 2
       
  35 > _EXTI_GetTLISensitivity: (3)

  36 > _EXTI_SetTLISensitivity: (3)
  37      + _assert_failed --> 2
       
  38 > _GPIO_DeInit: (2)

  39 > _GPIO_ExternalPullUpConfig: (6)
  40      + _assert_failed --> 2
       
  41 > _GPIO_ReadInputData: (2)

  42 > _GPIO_ReadInputPin: (5)

  43 > _GPIO_ReadOutputData: (2)

  44 > _GPIO_Write: (5)

  45 > _GPIO_WriteReverse: (5)

  46 > _I2C_ClearFlag: (6)
  47      + _assert_failed --> 2
       
  48 > _I2C_ClearITPendingBit: (6)
  49      + _assert_failed --> 2
       
  50 > _I2C_Cmd: (3)
  51      + _assert_failed --> 2
       
  52 > _I2C_FastModeDutyCycleConfig: (3)
  53      + _assert_failed --> 2
       
  54 > _I2C_GetFlagStatus: (6)
  55      + _assert_failed --> 2
       
  56 > _I2C_GetLastEvent: (8)

  57 > _I2C_SoftwareResetCmd: (3)
  58      + _assert_failed --> 2
       
  59 > _I2C_StretchClockCmd: (3)
  60      + _assert_failed --> 2
       
  61 > _LED_SetColor: (5)
  62      + _LED_SetColor_Int: (12)
       
  63 > _TIM4_ARRPreloadConfig: (3)
  64      + _assert_failed --> 2
       
  65 > _TIM4_ClearFlag: (3)
  66      + _assert_failed --> 2
       
  67 > _TIM4_GenerateEvent: (3)
  68      + _assert_failed --> 2
       
  69 > _TIM4_GetFlagStatus: (4)
  70      + _assert_failed --> 2
       
  71 > _TIM4_GetITStatus: (5)
  72      + _assert_failed --> 2
       
  73 > _TIM4_GetPrescaler: (2)

  74 > _TIM4_PrescalerConfig: (4)
  75      + _assert_failed --> 2
       
  76 > _TIM4_SelectOnePulseMode: (3)
  77      + _assert_failed --> 2
       
  78 > _TIM4_SetAutoreload: (2)

  79 > _TIM4_UpdateDisableConfig: (3)
  80      + _assert_failed --> 2
       
  81 > _TIM4_UpdateRequestConfig: (3)
  82      + _assert_failed --> 2
       
  83 > __stext: (0)

  84 > _main: (2)
  85      + _CLK_DeInit: (2)
  86      + _CLK_FastHaltWakeUpCmd: (3)
  87      |    + _assert_failed --> 2
          | 
  88      + _CLK_HSICmd: (3)
  89      |    + _assert_failed --> 2
          | 
  90      + _CLK_HSIPrescalerConfig: (3)
  91      |    + _assert_failed --> 2
          | 
  92      + _CLK_PeripheralClockConfig: (4)
  93      |    + _assert_failed --> 2
          | 
  94      + _CLK_SYSCLKConfig: (3)
  95      |    + _assert_failed --> 2
          | 
  96      + _EXTI_SetExtIntSensitivity: (4)
  97      |    + _assert_failed --> 2
          | 
  98      + _GPIO_Init: (6)
  99      |    + _assert_failed --> 2
          | 
 100      + _GPIO_WriteHigh: (5)
 101      + _GPIO_WriteLow: (5)
 102      + _I2C_CheckEvent: (10)
 103      |    + _assert_failed --> 2
          | 
 104      + _I2C_Configuration: (2)
 105      |    + _I2C_DeInit: (2)
 106      |    + _I2C_ITConfig: (4)
 107      |    |    + _assert_failed --> 2
          |    | 
 108      |    + _I2C_Init: (21)
 109      |    |    + _I2C_AcknowledgeConfig: (3)
 110      |    |    |    + _assert_failed --> 2
          |    |    | 
 111      |    |    + _assert_failed --> 2
          |    | 
          | 
 112      + _I2C_GeneralCallCmd: (3)
 113      |    + _assert_failed --> 2
          | 
 114      + _I2C_GenerateSTART: (3)
 115      |    + _assert_failed --> 2
          | 
 116      + _I2C_GenerateSTOP: (3)
 117      |    + _assert_failed --> 2
          | 
 118      + _I2C_ReceiveData: (2)
 119      + _I2C_Send7bitAddress: (4)
 120      |    + _assert_failed --> 2
          | 
 121      + _I2C_SendData: (2)
 122      + _LED_SetColor_Int --> 62
 123      + _TIMER_Configuration: (2)
 124      |    + _TIM4_DeInit: (2)
 125      |    + _TIM4_ITConfig: (4)
 126      |    |    + _assert_failed --> 2
          |    | 
 127      |    + _TIM4_TimeBaseInit: (4)
 128      |    |    + _assert_failed --> 2
          |    | 
          | 
       
 129 > f_ADC1_IRQHandler: (6)

 130 > f_AWU_IRQHandler: (6)

 131 > f_CLK_IRQHandler: (6)

 132 > f_EEPROM_EEC_IRQHandler: (6)

 133 > f_EXTI_PORTA_IRQHandler: (6)

 134 > f_EXTI_PORTB_IRQHandler: (6)

 135 > f_EXTI_PORTC_IRQHandler: (15)
 136      + _I2C_SendPacket: (3)
 137      |    + _I2C_CheckEvent --> 102
 138      |    + _I2C_GenerateSTART --> 114
 139      |    + _I2C_GenerateSTOP --> 116
 140      |    + _I2C_Send7bitAddress --> 119
 141      |    + _I2C_SendData --> 121
          | 
 142      + _TIM4_Cmd: (3)
 143      |    + _assert_failed --> 2
          | 
 144      + _TIM4_GetCounter: (2)
 145      + _TIM4_SetCounter: (2)
       
 146 > f_EXTI_PORTD_IRQHandler: (6)

 147 > f_EXTI_PORTE_IRQHandler: (6)

 148 > f_I2C_IRQHandler: (14)
 149      + _I2C_CheckEvent --> 102
 150      + _I2C_GetITStatus: (8)
 151      |    + _assert_failed --> 2
          | 
       
 152 > f_NonHandledInterrupt: (6)

 153 > f_SPI_IRQHandler: (6)

 154 > f_TIM1_CAP_COM_IRQHandler: (6)

 155 > f_TIM1_UPD_OVF_TRG_BRK_IRQHandler: (6)

 156 > f_TIM2_CAP_COM_IRQHandler: (6)

 157 > f_TIM2_UPD_OVF_BRK_IRQHandler: (6)

 158 > f_TIM4_UPD_OVF_IRQHandler: (12)
 159      + _TIM4_ClearITPendingBit: (3)
 160      |    + _assert_failed --> 2
          | 
       
 161 > f_TLI_IRQHandler: (6)

 162 > f_TRAP_IRQHandler: (6)

 163 > f_UART1_RX_IRQHandler: (6)

 164 > f_UART1_TX_IRQHandler: (6)

 165   _CLK_DeInit --> 85

 166   _CLK_FastHaltWakeUpCmd --> 86

 167   _CLK_HSICmd --> 88

 168   _CLK_HSIPrescalerConfig --> 90

 169   _CLK_PeripheralClockConfig --> 92

 170   _CLK_SYSCLKConfig --> 94

 171   _EXTI_SetExtIntSensitivity --> 96

 172   _GPIO_Init --> 98

 173   _GPIO_WriteHigh --> 100

 174   _GPIO_WriteLow --> 101

 175   _I2C_AcknowledgeConfig --> 109

 176   _I2C_CheckEvent --> 102

 177   _I2C_Configuration --> 104

 178   _I2C_DeInit --> 105

 179   _I2C_GeneralCallCmd --> 112

 180   _I2C_GenerateSTART --> 114

 181   _I2C_GenerateSTOP --> 116

 182   _I2C_GetITStatus --> 150

 183   _I2C_ITConfig --> 106

 184   _I2C_Init --> 108

 185   _I2C_ReceiveData --> 118

 186   _I2C_Send7bitAddress --> 119

 187   _I2C_SendData --> 121

 188   _I2C_SendPacket --> 136

 189   _LED_SetColor_Int --> 62

 190   _TIM4_ClearITPendingBit --> 159

 191   _TIM4_Cmd --> 142

 192   _TIM4_DeInit --> 124

 193   _TIM4_GetCounter --> 144

 194   _TIM4_ITConfig --> 125

 195   _TIM4_SetCounter --> 145

 196   _TIM4_TimeBaseInit --> 127

 197   _TIMER_Configuration --> 123

 198   _assert_failed --> 2



                               -------
                               Symbols
                               -------

_CLKPrescTable                      00008084   defined in Debug\stm8s_clk.o section .const
_CLK_AdjustHSICalibrationValue      000087b0   defined in Debug\stm8s_clk.o section .text
_CLK_CCOCmd                         00008310   defined in Debug\stm8s_clk.o section .text
_CLK_CCOConfig                      000085c6   defined in Debug\stm8s_clk.o section .text
_CLK_ClearITPendingBit              000088e0   defined in Debug\stm8s_clk.o section .text
_CLK_ClockSecuritySystemEnable      00008733   defined in Debug\stm8s_clk.o section .text
_CLK_ClockSwitchCmd                 0000833b   defined in Debug\stm8s_clk.o section .text
_CLK_ClockSwitchConfig              0000847f   defined in Debug\stm8s_clk.o section .text
_CLK_DeInit                         0000822c   defined in Debug\stm8s_clk.o section .text
                                               used in Debug\main.o
_CLK_FastHaltWakeUpCmd              00008264   defined in Debug\stm8s_clk.o section .text
                                               used in Debug\main.o
_CLK_GetClockFreq                   0000873c   defined in Debug\stm8s_clk.o section .text
_CLK_GetFlagStatus                  000087f4   defined in Debug\stm8s_clk.o section .text
_CLK_GetITStatus                    00008895   defined in Debug\stm8s_clk.o section .text
_CLK_GetSYSCLKSource                00008738   defined in Debug\stm8s_clk.o section .text
_CLK_HSECmd                         0000828f   defined in Debug\stm8s_clk.o section .text
_CLK_HSICmd                         000082ba   defined in Debug\stm8s_clk.o section .text
                                               used in Debug\main.o
_CLK_HSIPrescalerConfig             00008591   defined in Debug\stm8s_clk.o section .text
                                               used in Debug\main.o
_CLK_ITConfig                       00008623   defined in Debug\stm8s_clk.o section .text
_CLK_LSICmd                         000082e5   defined in Debug\stm8s_clk.o section .text
_CLK_PeripheralClockConfig          00008391   defined in Debug\stm8s_clk.o section .text
                                               used in Debug\main.o
_CLK_SWIMConfig                     00008708   defined in Debug\stm8s_clk.o section .text
_CLK_SYSCLKConfig                   00008697   defined in Debug\stm8s_clk.o section .text
                                               used in Debug\main.o
_CLK_SYSCLKEmergencyClear           000087ef   defined in Debug\stm8s_clk.o section .text
_CLK_SlowActiveHaltWakeUpCmd        00008366   defined in Debug\stm8s_clk.o section .text
_Core_Ping_Reply                    00008ee2   defined in Debug\main.o section .text
_Counter                            00000014   defined in Debug\main.o section .ubsct
                                               used in Debug\stm8s_it.o
_EXTI_DeInit                        00009a1b   defined in Debug\stm8s_exti.o section .text
_EXTI_GetExtIntSensitivity          00009b1b   defined in Debug\stm8s_exti.o section .text
_EXTI_GetTLISensitivity             00009b91   defined in Debug\stm8s_exti.o section .text
_EXTI_SetExtIntSensitivity          00009a24   defined in Debug\stm8s_exti.o section .text
                                               used in Debug\main.o
_EXTI_SetTLISensitivity             00009af2   defined in Debug\stm8s_exti.o section .text
_GPIO_DeInit                        000098bf   defined in Debug\stm8s_gpio.o section .text
_GPIO_ExternalPullUpConfig          000099cd   defined in Debug\stm8s_gpio.o section .text
_GPIO_Init                          000098c7   defined in Debug\stm8s_gpio.o section .text
                                               used in Debug\main.o
_GPIO_ReadInputData                 000099c3   defined in Debug\stm8s_gpio.o section .text
_GPIO_ReadInputPin                  000099c6   defined in Debug\stm8s_gpio.o section .text
_GPIO_ReadOutputData                000099c1   defined in Debug\stm8s_gpio.o section .text
_GPIO_Write                         000099a3   defined in Debug\stm8s_gpio.o section .text
_GPIO_WriteHigh                     000099ab   defined in Debug\stm8s_gpio.o section .text
                                               used in Debug\main.o
_GPIO_WriteLow                      000099b2   defined in Debug\stm8s_gpio.o section .text
                                               used in Debug\main.o
_GPIO_WriteReverse                  000099ba   defined in Debug\stm8s_gpio.o section .text
_HSIDivFactor                       00008080   defined in Debug\stm8s_clk.o section .const
_I2C_AcknowledgeConfig              00009208   defined in Debug\stm8s_i2c.o section .text
_I2C_CheckEvent                     0000932e   defined in Debug\stm8s_i2c.o section .text
                                               used in Debug\stm8s_it.o
                                                       Debug\main.o
_I2C_ClearFlag                      000094d3   defined in Debug\stm8s_i2c.o section .text
_I2C_ClearITPendingBit              000095b5   defined in Debug\stm8s_i2c.o section .text
_I2C_Cmd                            00009106   defined in Debug\stm8s_i2c.o section .text
_I2C_Configuration                  00008c9b   defined in Debug\main.o section .text
_I2C_DeInit                         00008ee5   defined in Debug\stm8s_i2c.o section .text
                                               used in Debug\main.o
_I2C_FastModeDutyCycleConfig        000092b4   defined in Debug\stm8s_i2c.o section .text
_I2C_GeneralCallCmd                 00009131   defined in Debug\stm8s_i2c.o section .text
                                               used in Debug\main.o
_I2C_GenerateSTART                  0000915c   defined in Debug\stm8s_i2c.o section .text
                                               used in Debug\main.o
_I2C_GenerateSTOP                   00009187   defined in Debug\stm8s_i2c.o section .text
                                               used in Debug\main.o
_I2C_GetFlagStatus                  00009435   defined in Debug\stm8s_i2c.o section .text
_I2C_GetITStatus                    0000950b   defined in Debug\stm8s_i2c.o section .text
                                               used in Debug\stm8s_it.o
_I2C_GetLastEvent                   00009402   defined in Debug\stm8s_i2c.o section .text
_I2C_ITConfig                       00009247   defined in Debug\stm8s_i2c.o section .text
                                               used in Debug\main.o
_I2C_Init                           00008f0a   defined in Debug\stm8s_i2c.o section .text
                                               used in Debug\main.o
_I2C_ReceiveData                    000092e1   defined in Debug\stm8s_i2c.o section .text
                                               used in Debug\main.o
_I2C_Send7bitAddress                000092e5   defined in Debug\stm8s_i2c.o section .text
                                               used in Debug\main.o
_I2C_SendData                       0000932a   defined in Debug\stm8s_i2c.o section .text
                                               used in Debug\main.o
_I2C_SendPacket                     00008e90   defined in Debug\main.o section .text
                                               used in Debug\stm8s_it.o
_I2C_SoftwareResetCmd               000091b2   defined in Debug\stm8s_i2c.o section .text
_I2C_StretchClockCmd                000091dd   defined in Debug\stm8s_i2c.o section .text
_LED_SetColor                       00008cc0   defined in Debug\main.o section .text
_LED_SetColor_Int                   00008cd0   defined in Debug\main.o section .text
_NumOfBytes                         00000007   defined in Debug\main.o section .bsct, initialized
_PeriodNumber                       00000005   defined in Debug\main.o section .bsct, initialized
_TIM4_ARRPreloadConfig              000097bd   defined in Debug\stm8s_tim4.o section .text
_TIM4_ClearFlag                     00009843   defined in Debug\stm8s_tim4.o section .text
_TIM4_ClearITPendingBit             0000989f   defined in Debug\stm8s_tim4.o section .text
                                               used in Debug\stm8s_it.o
_TIM4_Cmd                           00009658   defined in Debug\stm8s_tim4.o section .text
                                               used in Debug\stm8s_it.o
_TIM4_DeInit                        000095f8   defined in Debug\stm8s_tim4.o section .text
                                               used in Debug\main.o
_TIM4_GenerateEvent                 000097e8   defined in Debug\stm8s_tim4.o section .text
_TIM4_GetCounter                    0000980f   defined in Debug\stm8s_tim4.o section .text
                                               used in Debug\stm8s_it.o
_TIM4_GetFlagStatus                 00009817   defined in Debug\stm8s_tim4.o section .text
_TIM4_GetITStatus                   00009863   defined in Debug\stm8s_tim4.o section .text
_TIM4_GetPrescaler                  00009813   defined in Debug\stm8s_tim4.o section .text
_TIM4_ITConfig                      00009683   defined in Debug\stm8s_tim4.o section .text
                                               used in Debug\main.o
_TIM4_PrescalerConfig               00009753   defined in Debug\stm8s_tim4.o section .text
_TIM4_SelectOnePulseMode            00009728   defined in Debug\stm8s_tim4.o section .text
_TIM4_SetAutoreload                 0000980b   defined in Debug\stm8s_tim4.o section .text
_TIM4_SetCounter                    00009807   defined in Debug\stm8s_tim4.o section .text
                                               used in Debug\stm8s_it.o
_TIM4_TimeBaseInit                  00009611   defined in Debug\stm8s_tim4.o section .text
                                               used in Debug\main.o
_TIM4_UpdateDisableConfig           000096d2   defined in Debug\stm8s_tim4.o section .text
_TIM4_UpdateRequestConfig           000096fd   defined in Debug\stm8s_tim4.o section .text
_TIMER_Configuration                00008e80   defined in Debug\main.o section .text
_TxBuffer                           0000000d   defined in Debug\main.o section .ubsct
_User_Key_Pressed                   00000002   defined in Debug\main.o section .bsct, initialized
__endmem                            000001ff   defined in command file
                                               *** not used ***
__endzp                             0000001f   defined in command file section .ubsct
                                               used in C:\Program Files (x86)\COSMIC\CXSTM8_EVAL\Lib\crtsi0.sm8
__idesc__                           000081cc   defined in linker section .init
                                               used in C:\Program Files (x86)\COSMIC\CXSTM8_EVAL\Lib\crtsi0.sm8
__memory                            00000100   defined in command file section .bss
                                               used in C:\Program Files (x86)\COSMIC\CXSTM8_EVAL\Lib\crtsi0.sm8
__stack                             000003ff   defined in command file
                                               used in C:\Program Files (x86)\COSMIC\CXSTM8_EVAL\Lib\crtsi0.sm8
__startmem                          00000100   defined in command file section .bss
                                               *** not used ***
__stext                             000081e1   defined in C:\Program Files (x86)\COSMIC\CXSTM8_EVAL\Lib\crtsi0.sm8 section .text
                                               used in Debug\stm8_interrupt_vector.o
__vectab                            00008000   defined in Debug\stm8_interrupt_vector.o section .const
_assert_failed                      00008ee3   defined in Debug\main.o section .text
                                               used in Debug\stm8s_clk.o
                                                       Debug\stm8s_i2c.o
                                                       Debug\stm8s_tim4.o
                                                       Debug\stm8s_gpio.o
                                                       Debug\stm8s_exti.o
_button_state                       00000004   defined in Debug\main.o section .bsct, initialized
                                               used in Debug\stm8s_it.o
_exit                               0000822a   defined in C:\Program Files (x86)\COSMIC\CXSTM8_EVAL\Lib\crtsi0.sm8 section .text
_i                                  00000006   defined in Debug\main.o section .bsct, initialized
_main                               00008b31   defined in Debug\main.o section .text
                                               used in C:\Program Files (x86)\COSMIC\CXSTM8_EVAL\Lib\crtsi0.sm8
_next_case                          00000008   defined in Debug\main.o section .bsct, initialized
_ping_received                      0000000c   defined in Debug\main.o section .bsct, initialized
_previous_button_state              00000003   defined in Debug\main.o section .bsct, initialized
                                               used in Debug\stm8s_it.o
_received                           0000000a   defined in Debug\main.o section .bsct, initialized
_received2                          0000000b   defined in Debug\main.o section .bsct, initialized
_stopDelay                          00000000   defined in Debug\stm8s_it.o section .bsct, initialized
_velocity                           00000009   defined in Debug\main.o section .bsct, initialized
c_divsl                             00009c6f   defined in (C:\Program Files (x86)\COSMIC\CXSTM8_EVAL\Lib\libm0.sm8)ldiv.o section .text
                                               *** not used ***
c_divul                             00009c86   defined in (C:\Program Files (x86)\COSMIC\CXSTM8_EVAL\Lib\libm0.sm8)ldiv.o section .text
                                               used in (C:\Program Files (x86)\COSMIC\CXSTM8_EVAL\Lib\libm0.sm8)ludiv.o
c_lcmp                              00009b9e   defined in (C:\Program Files (x86)\COSMIC\CXSTM8_EVAL\Lib\libm0.sm8)lcmp.o section .text
                                               used in Debug\stm8s_i2c.o
c_lgneg                             00009d5a   defined in (C:\Program Files (x86)\COSMIC\CXSTM8_EVAL\Lib\libm0.sm8)lgneg.o section .text
                                               used in (C:\Program Files (x86)\COSMIC\CXSTM8_EVAL\Lib\libm0.sm8)ldiv.o
c_lmul                              00009bbe   defined in (C:\Program Files (x86)\COSMIC\CXSTM8_EVAL\Lib\libm0.sm8)lmul.o section .text
                                               used in Debug\stm8s_i2c.o
c_lmulc                             00009bc6   defined in (C:\Program Files (x86)\COSMIC\CXSTM8_EVAL\Lib\libm0.sm8)lmul.o section .text
                                               *** not used ***
c_lneg                              00009d6d   defined in (C:\Program Files (x86)\COSMIC\CXSTM8_EVAL\Lib\libm0.sm8)lneg.o section .text
                                               used in (C:\Program Files (x86)\COSMIC\CXSTM8_EVAL\Lib\libm0.sm8)ldiv.o
c_lreg                              00000015   defined in (C:\Program Files (x86)\COSMIC\CXSTM8_EVAL\Lib\libm0.sm8)lreg.o section .ubsct
                                               used in Debug\stm8s_clk.o
                                                       Debug\stm8s_i2c.o
                                                       (C:\Program Files (x86)\COSMIC\CXSTM8_EVAL\Lib\libm0.sm8)lcmp.o
                                                       (C:\Program Files (x86)\COSMIC\CXSTM8_EVAL\Lib\libm0.sm8)lmul.o
                                                       (C:\Program Files (x86)\COSMIC\CXSTM8_EVAL\Lib\libm0.sm8)ltor.o
                                                       (C:\Program Files (x86)\COSMIC\CXSTM8_EVAL\Lib\libm0.sm8)ldiv.o
                                                       (C:\Program Files (x86)\COSMIC\CXSTM8_EVAL\Lib\libm0.sm8)lneg.o
                                                       (C:\Program Files (x86)\COSMIC\CXSTM8_EVAL\Lib\libm0.sm8)rtol.o
                                                       (C:\Program Files (x86)\COSMIC\CXSTM8_EVAL\Lib\libm0.sm8)smul.o
c_ltor                              00009c49   defined in (C:\Program Files (x86)\COSMIC\CXSTM8_EVAL\Lib\libm0.sm8)ltor.o section .text
                                               used in Debug\stm8s_clk.o
                                                       Debug\stm8s_i2c.o
c_ludv                              00009c5b   defined in (C:\Program Files (x86)\COSMIC\CXSTM8_EVAL\Lib\libm0.sm8)ludiv.o section .text
                                               used in Debug\stm8s_clk.o
                                                       Debug\stm8s_i2c.o
c_lzmp                              00009d82   defined in (C:\Program Files (x86)\COSMIC\CXSTM8_EVAL\Lib\libm0.sm8)lzmp.o section .text
                                               used in Debug\stm8s_i2c.o
c_rtol                              00009d95   defined in (C:\Program Files (x86)\COSMIC\CXSTM8_EVAL\Lib\libm0.sm8)rtol.o section .text
                                               used in Debug\stm8s_clk.o
                                                       Debug\stm8s_i2c.o
c_sdivx                             00009dad   defined in (C:\Program Files (x86)\COSMIC\CXSTM8_EVAL\Lib\libm0.sm8)sdivx.o section .text
                                               used in Debug\stm8s_i2c.o
c_smodx                             00009da7   defined in (C:\Program Files (x86)\COSMIC\CXSTM8_EVAL\Lib\libm0.sm8)sdivx.o section .text
                                               *** not used ***
c_smul                              00009dd2   defined in (C:\Program Files (x86)\COSMIC\CXSTM8_EVAL\Lib\libm0.sm8)smul.o section .text
                                               used in Debug\stm8s_i2c.o
c_x                                 00000019   defined in (C:\Program Files (x86)\COSMIC\CXSTM8_EVAL\Lib\libm0.sm8)xreg.o section .ubsct
                                               used in C:\Program Files (x86)\COSMIC\CXSTM8_EVAL\Lib\crtsi0.sm8
                                                       Debug\stm8s_it.o
                                                       (C:\Program Files (x86)\COSMIC\CXSTM8_EVAL\Lib\libm0.sm8)lmul.o
                                                       (C:\Program Files (x86)\COSMIC\CXSTM8_EVAL\Lib\libm0.sm8)ldiv.o
                                                       (C:\Program Files (x86)\COSMIC\CXSTM8_EVAL\Lib\libm0.sm8)sdivx.o
c_y                                 0000001c   defined in (C:\Program Files (x86)\COSMIC\CXSTM8_EVAL\Lib\libm0.sm8)yreg.o section .ubsct
                                               used in C:\Program Files (x86)\COSMIC\CXSTM8_EVAL\Lib\crtsi0.sm8
                                                       Debug\stm8s_it.o
f_ADC1_IRQHandler                   00008b09   defined in Debug\stm8s_it.o section .text
                                               used in Debug\stm8_interrupt_vector.o
f_AWU_IRQHandler                    00008911   defined in Debug\stm8s_it.o section .text
                                               used in Debug\stm8_interrupt_vector.o
f_CLK_IRQHandler                    00008912   defined in Debug\stm8s_it.o section .text
                                               used in Debug\stm8_interrupt_vector.o
f_EEPROM_EEC_IRQHandler             00008b30   defined in Debug\stm8s_it.o section .text
                                               used in Debug\stm8_interrupt_vector.o
f_EXTI_PORTA_IRQHandler             00008913   defined in Debug\stm8s_it.o section .text
                                               used in Debug\stm8_interrupt_vector.o
f_EXTI_PORTB_IRQHandler             00008914   defined in Debug\stm8s_it.o section .text
                                               used in Debug\stm8_interrupt_vector.o
f_EXTI_PORTC_IRQHandler             00008915   defined in Debug\stm8s_it.o section .text
                                               used in Debug\stm8_interrupt_vector.o
f_EXTI_PORTD_IRQHandler             00008a05   defined in Debug\stm8s_it.o section .text
                                               used in Debug\stm8_interrupt_vector.o
f_EXTI_PORTE_IRQHandler             00008a06   defined in Debug\stm8s_it.o section .text
                                               used in Debug\stm8_interrupt_vector.o
f_I2C_IRQHandler                    00008a0e   defined in Debug\stm8s_it.o section .text
                                               used in Debug\stm8_interrupt_vector.o
f_NonHandledInterrupt               0000890e   defined in Debug\stm8s_it.o section .text
                                               used in Debug\stm8_interrupt_vector.o
f_SPI_IRQHandler                    00008a07   defined in Debug\stm8s_it.o section .text
                                               used in Debug\stm8_interrupt_vector.o
f_TIM1_CAP_COM_IRQHandler           00008a09   defined in Debug\stm8s_it.o section .text
                                               used in Debug\stm8_interrupt_vector.o
f_TIM1_UPD_OVF_TRG_BRK_IRQHandler   00008a08   defined in Debug\stm8s_it.o section .text
                                               used in Debug\stm8_interrupt_vector.o
f_TIM2_CAP_COM_IRQHandler           00008a0b   defined in Debug\stm8s_it.o section .text
                                               used in Debug\stm8_interrupt_vector.o
f_TIM2_UPD_OVF_BRK_IRQHandler       00008a0a   defined in Debug\stm8s_it.o section .text
                                               used in Debug\stm8_interrupt_vector.o
f_TIM4_UPD_OVF_IRQHandler           00008b0a   defined in Debug\stm8s_it.o section .text
                                               used in Debug\stm8_interrupt_vector.o
f_TLI_IRQHandler                    00008910   defined in Debug\stm8s_it.o section .text
                                               used in Debug\stm8_interrupt_vector.o
f_TRAP_IRQHandler                   0000890f   defined in Debug\stm8s_it.o section .text
                                               used in Debug\stm8_interrupt_vector.o
f_UART1_RX_IRQHandler               00008a0d   defined in Debug\stm8s_it.o section .text
                                               used in Debug\stm8_interrupt_vector.o
f_UART1_TX_IRQHandler               00008a0c   defined in Debug\stm8s_it.o section .text
                                               used in Debug\stm8_interrupt_vector.o
